[www.constructorainsur.com/index.html]
[backblue.gif]
[fade.gif]
[index.html]
[www.constructorainsur.com/images/favicon.png]
[www.constructorainsur.com/css/boilerplate.css]
[www.constructorainsur.com/css/estilos.min.css]
[www.constructorainsur.com/js/respond.min.js]
[www.constructorainsur.com/css/owl.carousel.css]
[www.constructorainsur.com/css/owl.theme.css]
[www.constructorainsur.com/css/owl.transitions.css]
[www.constructorainsur.com/assets/js/google-code-prettify/prettify.css]
[www.constructorainsur.com/assets/js/jquery-1.9.1.min.js]
[www.constructorainsur.com/js/owl.carousel.js]
[www.google.com/recaptcha/api.js]
[www.constructorainsur.com/conocenos.html]
[www.constructorainsur.com/servicios.html]
[www.constructorainsur.com/proyectos.html]
[www.constructorainsur.com/clientes.html]
[www.constructorainsur.com/contacto.html]
[www.constructorainsur.com/images/logo_menu.jpg]
[www.constructorainsur.com/ing/index.html]
[www.constructorainsur.com/images/idioma.png]
[www.constructorainsur.com/images/face.png]
[www.constructorainsur.com/images/insur-aniversario-logo.jpg]
[www.constructorainsur.com/images/insur-slide1.jpg]
[www.constructorainsur.com/images/insur-slide2.jpg]
[www.constructorainsur.com/images/inur-slide3.jpg]
[www.constructorainsur.com/images/scrolldown.png]
[www.constructorainsur.com/images/35.png]
[www.constructorainsur.com/login_cv.html]
[www.constructorainsur.com/detalle0ab4.html]
[www.constructorainsur.com/images/mexico.png]
[www.constructorainsur.com/images/proyectos/DSC_0184.jpg]
[www.constructorainsur.com/images/btn_serv_mas.png]
[www.constructorainsur.com/detallecf3a.html]
[www.constructorainsur.com/images/alemania.png]
[www.constructorainsur.com/images/proyectos/BBRAUN_01.png]
[www.constructorainsur.com/detalle456b.html]
[www.constructorainsur.com/images/proyectos/truper.png]
[www.constructorainsur.com/detallee762.html]
[www.constructorainsur.com/images/canada.png]
[www.constructorainsur.com/images/proyectos/NARMX-1.jpg]
[www.constructorainsur.com/detalle4d5c.html]
[www.constructorainsur.com/images/china.png]
[www.constructorainsur.com/images/proyectos/IMG_0821.jpg]
[www.constructorainsur.com/detalle6e21.html]
[www.constructorainsur.com/images/proyectos/ronal.jpg]
[www.constructorainsur.com/images/3-fitesa.jpg]
[www.constructorainsur.com/images/ctesnucitec.jpg]
[www.constructorainsur.com/images/8-aceway.jpg]
[www.constructorainsur.com/images/8-asimex.jpg]
[www.constructorainsur.com/images/13-ricsa.jpg]
[www.constructorainsur.com/images/rocktenn.jpg]
[www.constructorainsur.com/images/sika_-.jpg]
[www.constructorainsur.com/images/15-caneels.jpg]
[www.constructorainsur.com/images/14-laQuinta.jpg]
[www.constructorainsur.com/images/18-plasti.jpg]
[www.constructorainsur.com/images/20-bandag.jpg]
[www.constructorainsur.com/images/22alpina.jpg]
[www.constructorainsur.com/images/crinamex.jpg]
[www.constructorainsur.com/images/c-durango.jpg]
[www.constructorainsur.com/images/inamex.jpg]
[www.constructorainsur.com/images/quinro.jpg]
[www.constructorainsur.com/images/valuadata.jpg]
[www.constructorainsur.com/images/1narmx.jpg]
[www.constructorainsur.com/images/yamada.jpg]
[www.constructorainsur.com/images/alpura.jpg]
[www.constructorainsur.com/images/motsa.jpg]
[www.constructorainsur.com/images/logo_ft.png]
[www.constructorainsur.com/images/face_ft.png]
[www.constructorainsur.com/images/twitter_ft.png]
[www.constructorainsur.com/images/linked_ft.png]
[www.constructorainsur.com/images/instagram_ft.png]
[www.constructorainsur.com/css/flickity.css]
[www.constructorainsur.com/js/flickity.pkgd.js]
[www.constructorainsur.com/index.html]
[www.constructorainsur.com/css/boilerplate.css]
[www.constructorainsur.com/js/flickity-docs.min.js]
[www.constructorainsur.com/images/serv_construccion.jpg]
[www.constructorainsur.com/images/serv_estudios_preliminares.jpg]
[www.constructorainsur.com/images/serv_terracerias.jpg]
[www.constructorainsur.com/images/serv_arquitectonicos.jpg]
[www.constructorainsur.com/images/serv_edificacion.jpg]
[www.constructorainsur.com/images/serv_metalicas.jpg]
[www.constructorainsur.com/images/serv_cuartos.jpg]
[www.constructorainsur.com/images/serv_cimientos_especiales.jpg]
[www.constructorainsur.com/images/serv_instalaciones_industriales.jpg]
[www.constructorainsur.com/images/bg_detalle.png]
[www.constructorainsur.com/images/v1.png]
[www.constructorainsur.com/images/v2.png]
[www.constructorainsur.com/images/v3.png]
[www.constructorainsur.com/images/v4.png]
[www.constructorainsur.com/images/capacitados.jpg]
[www.constructorainsur.com/images/ejecucion.jpg]
[www.constructorainsur.com/images/bg_bi.png]
[www.constructorainsur.com/css/estilos.min.css]
[www.constructorainsur.com/css/grabbing.png]
[www.constructorainsur.com/css/owl.carousel.css]
[www.constructorainsur.com/images/AjaxLoader.gif]
[www.constructorainsur.com/css/owl.theme.css]
[www.constructorainsur.com/css/owl.transitions.css]
[www.constructorainsur.com/assets/js/google-code-prettify/prettify.css]
[www.constructorainsur.com/ing/conocenos.html]
[www.constructorainsur.com/images/slideofi.jpg]
[www.constructorainsur.com/images/serv1_.jpg]
[www.constructorainsur.com/images/serv2_.jpg]
[www.constructorainsur.com/images/serv3_.jpg]
[www.constructorainsur.com/images/DSC_0008.jpg]
[www.constructorainsur.com/images/DSC_0041.jpg]
[www.constructorainsur.com/images/bg_conocenos.jpg]
[www.constructorainsur.com/images/casquin.png]
[www.constructorainsur.com/conocenos.html]
[www.constructorainsur.com/ing/servicios.html]
[www.constructorainsur.com/images/slide_serv.jpg]
[www.constructorainsur.com/images/serv1.png]
[www.constructorainsur.com/images/RONAL-7.jpg]
[www.constructorainsur.com/images/serv3.png]
[www.constructorainsur.com/images/serv4.png]
[www.constructorainsur.com/images/serv5.png]
[www.constructorainsur.com/images/serv6.png]
[www.constructorainsur.com/images/serv7.png]
[www.constructorainsur.com/images/ffff.jpg]
[www.constructorainsur.com/servicios.html]
[www.constructorainsur.com/images/serv9.png]
[www.constructorainsur.com/ing/proyectos.html]
[www.constructorainsur.com/images/slide_proy.jpg]
[www.constructorainsur.com/proyectosdb55.html]
[www.constructorainsur.com/detalle8660.html]
[www.constructorainsur.com/images/estados unidos.png]
[www.constructorainsur.com/images/proyectos/DSC_0002B.jpg]
[www.constructorainsur.com/detalle0a86.html]
[www.constructorainsur.com/images/proyectos/3.png]
[www.constructorainsur.com/detallec691.html]
[www.constructorainsur.com/images/proyectos/20621009_1390925104305873_5026135068493042289_n.jpg]
[www.constructorainsur.com/detalle7d74.html]
[www.constructorainsur.com/images/proyectos/IMG_9919.jpg]
[www.constructorainsur.com/detallead3a.html]
[www.constructorainsur.com/images/proyectos/DSC00178.jpg]
[www.constructorainsur.com/detalle1534.html]
[www.constructorainsur.com/images/proyectos/INLAND_GTO_1.jpg]
[www.constructorainsur.com/detallef5ec.html]
[www.constructorainsur.com/images/proyectos/gSVN1H-a.jpg]
[www.constructorainsur.com/detalleafde.html]
[www.constructorainsur.com/images/proyectos/Plastienvases.jpg]
[www.constructorainsur.com/detalle0812.html]
[www.constructorainsur.com/images/italia.png]
[www.constructorainsur.com/images/proyectos/IMG_1741.jpg]
[www.constructorainsur.com/detalle8907.html]
[www.constructorainsur.com/images/proyectos/rubbermaid.jpg]
[www.constructorainsur.com/detallec374.html]
[www.constructorainsur.com/images/japon.png]
[www.constructorainsur.com/images/proyectos/C-02.jpg]
[www.constructorainsur.com/detallee4bb.html]
[www.constructorainsur.com/images/suiza.jpg]
[www.constructorainsur.com/images/proyectos/Q-60.jpg]
[www.constructorainsur.com/detallea242.html]
[www.constructorainsur.com/images/proyectos/MAPEI-4.jpg]
[www.constructorainsur.com/detalle9d93.html]
[www.constructorainsur.com/images/proyectos/MEXICANA-1.jpg]
[www.constructorainsur.com/detalle2cf5.html]
[www.constructorainsur.com/images/bandera reino unido.png]
[www.constructorainsur.com/images/proyectos/1.jpg]
[www.constructorainsur.com/detalle07fe.html]
[www.constructorainsur.com/images/proyectos/pecofacet.jpg]
[www.constructorainsur.com/detallef21b.html]
[www.constructorainsur.com/images/proyectos/ACCESO.png]
[www.constructorainsur.com/detallea27a.html]
[www.constructorainsur.com/images/proyectos/2.png]
[www.constructorainsur.com/detallea71a.html]
[www.constructorainsur.com/images/proyectos/asimex.jpg]
[www.constructorainsur.com/detallebcc4.html]
[www.constructorainsur.com/images/brasil.png]
[www.constructorainsur.com/images/proyectos/F003.jpg]
[www.constructorainsur.com/detalle3ae2.html]
[www.constructorainsur.com/images/proyectos/REVLON-3.jpg]
[www.constructorainsur.com/detallec73b.html]
[www.constructorainsur.com/proyectos.html]
[www.constructorainsur.com/images/proyectos/Agroalpina_1.jpg]
[www.constructorainsur.com/ing/clientes.html]
[www.constructorainsur.com/clientes.html]
[www.constructorainsur.com/ing/contacto.html]
[www.constructorainsur.com/contacto.html]
[www.constructorainsur.com/css/estilos.css]
[www.constructorainsur.com/js/custom.js]
[www.constructorainsur.com/js/jquery-latest.js]
[www.constructorainsur.com/lib/jquery-1.10.1.min.js]
[www.constructorainsur.com/js/jquery.mousewheel-3.0.6.pack.js]
[www.constructorainsur.com/source/jquery.fancybox8cbb.js]
[www.constructorainsur.com/source/jquery.fancybox8cbb.css]
[www.constructorainsur.com/source/helpers/jquery.fancybox-buttons3447.css]
[www.constructorainsur.com/source/helpers/jquery.fancybox-buttons3447.js]
[www.constructorainsur.com/source/helpers/jquery.fancybox-thumbsf2ad.css]
[www.constructorainsur.com/source/helpers/jquery.fancybox-thumbsf2ad.js]
[www.constructorainsur.com/source/helpers/jquery.fancybox-mediac924.js]
[www.constructorainsur.com/ing/1_b.jpg]
[www.constructorainsur.com/ing/index-2.html]
[www.constructorainsur.com/ing/images/face.png]
[www.constructorainsur.com/index-2.html]
[www.constructorainsur.com/ing/images/idioma.png]
[www.constructorainsur.com/images/insur-slide-ing.jpg]
[www.constructorainsur.com/images/35_.png]
[www.constructorainsur.com/ing/login_cv.html]
[www.constructorainsur.com/images/indicador.png]
[www.constructorainsur.com/images/indicador_arriba.png]
[www.constructorainsur.com/ing/index.html]
[www.constructorainsur.com/images/icono_desc.png]
[www.constructorainsur.com/login_cv.html]
[www.constructorainsur.com/images/pin_go.png]
[www.constructorainsur.com/1_b.jpg]
[www.constructorainsur.com/images/light-highway-drone_pppp.jpg]
[www.constructorainsur.com/images/proyectos/DSC_0175.jpg]
[www.constructorainsur.com/images/proyectos/DSC_0176.jpg]
[www.constructorainsur.com/images/proyectos/DSC06044.jpg]
[www.constructorainsur.com/images/proyectos/DSC06047.jpg]
[www.constructorainsur.com/images/proyectos/DSC06070.jpg]
[www.constructorainsur.com/images/proyectos/DSC_0007.jpg]
[www.constructorainsur.com/images/proyectos/DSC_0009.jpg]
[www.constructorainsur.com/images/proyectos/DSC_0015.jpg]
[www.constructorainsur.com/images/proyectos/DSC_0031.jpg]
[www.constructorainsur.com/images/proyectos/DSC_0046.jpg]
[www.constructorainsur.com/images/proyectos/DSC_0052.jpg]
[www.constructorainsur.com/images/proyectos/DSC_0129.jpg]
[www.constructorainsur.com/images/proyectos/DSC_0133.jpg]
[www.constructorainsur.com/images/proyectos/DSC_0145.jpg]
[www.constructorainsur.com/images/proyectos/DSC_0151.jpg]
[www.constructorainsur.com/detalle0ab4.html]
[www.constructorainsur.com/images/light-highway-.jpg]
[www.constructorainsur.com/images/bbraun_logo.png]
[www.constructorainsur.com/images/proyectos/BBRAUN_02.png]
[www.constructorainsur.com/images/proyectos/BBRAUN_03.jpg]
[www.constructorainsur.com/images/proyectos/BBRAUN_04.jpg]
[www.constructorainsur.com/images/proyectos/BBRAUN_05.jpg]
[www.constructorainsur.com/images/proyectos/BBRAUN_06.jpg]
[www.constructorainsur.com/images/proyectos/BBRAUN_07.jpg]
[www.constructorainsur.com/images/proyectos/BBRAUN_08.jpg]
[www.constructorainsur.com/images/proyectos/BBRAUN_09.jpg]
[www.constructorainsur.com/images/proyectos/BBRAUN_10.png]
[www.constructorainsur.com/images/proyectos/BBRAUN_11.jpg]
[www.constructorainsur.com/images/proyectos/BBRAUN_12.jpg]
[www.constructorainsur.com/images/proyectos/BBRAUN_13.jpg]
[www.constructorainsur.com/images/proyectos/BBRAUN_14.jpg]
[www.constructorainsur.com/images/proyectos/BBRAUN_15.jpg]
[www.constructorainsur.com/detallecf3a.html]
[www.constructorainsur.com/images/TRUPER_LOGO.png]
[www.constructorainsur.com/login456b.html]
[www.constructorainsur.com/images/clientes.jpg]
[www.constructorainsur.com/images/proyectos/truper3.jpg]
[www.constructorainsur.com/images/proyectos/truper4.jpg]
[www.constructorainsur.com/images/proyectos/truper5.jpg]
[www.constructorainsur.com/images/proyectos/truper6.jpg]
[www.constructorainsur.com/images/proyectos/truper7.jpg]
[www.constructorainsur.com/images/proyectos/truper8.jpg]
[www.constructorainsur.com/images/proyectos/truper9.jpg]
[www.constructorainsur.com/images/proyectos/4 (87).jpg]
[www.constructorainsur.com/images/proyectos/4 (87]
[www.constructorainsur.com/images/proyectos/4 (90).jpg]
[www.constructorainsur.com/images/proyectos/4 (90]
[www.constructorainsur.com/images/proyectos/4 (91).jpg]
[www.constructorainsur.com/images/proyectos/4 (91]
[www.constructorainsur.com/images/proyectos/4 (95).jpg]
[www.constructorainsur.com/images/proyectos/4 (95]
[www.constructorainsur.com/images/proyectos/4 (103).jpg]
[www.constructorainsur.com/images/proyectos/4 (103]
[www.constructorainsur.com/images/proyectos/4 (105).jpg]
[www.constructorainsur.com/images/proyectos/4 (105]
[www.constructorainsur.com/images/proyectos/DSC_0148.jpg]
[www.constructorainsur.com/images/proyectos/DSC_0153.jpg]
[www.constructorainsur.com/images/proyectos/DSC_0154.jpg]
[www.constructorainsur.com/images/proyectos/DSC_0160.jpg]
[www.constructorainsur.com/images/proyectos/DSC_0161.jpg]
[www.constructorainsur.com/images/proyectos/DSC_0163.jpg]
[www.constructorainsur.com/detalle456b.html]
[www.constructorainsur.com/images/narmx.png]
[www.constructorainsur.com/images/proyectos/DSC_0120.jpg]
[www.constructorainsur.com/images/proyectos/IMG_3988.jpg]
[www.constructorainsur.com/images/proyectos/IMG_3994.jpg]
[www.constructorainsur.com/images/proyectos/IMG_4007.jpg]
[www.constructorainsur.com/images/proyectos/IMG_4008.jpg]
[www.constructorainsur.com/images/proyectos/IMG_4084.jpg]
[www.constructorainsur.com/images/proyectos/IMG_4104.jpg]
[www.constructorainsur.com/images/proyectos/IMG_4115.jpg]
[www.constructorainsur.com/images/proyectos/IMG_4116.jpg]
[www.constructorainsur.com/detallee762.html]
[www.constructorainsur.com/images/aceway.png]
[www.constructorainsur.com/images/proyectos/ACEWAY_1.jpg]
[www.constructorainsur.com/images/proyectos/ACEWAY_2.jpg]
[www.constructorainsur.com/images/proyectos/ACEWAY_3.jpg]
[www.constructorainsur.com/images/proyectos/ACEWAY_5.jpg]
[www.constructorainsur.com/images/proyectos/ACEWAY_6.jpg]
[www.constructorainsur.com/images/proyectos/ACEWAY_7.jpg]
[www.constructorainsur.com/images/proyectos/ACEWAY_8.jpg]
[www.constructorainsur.com/images/proyectos/ACEWAY_9.jpg]
[www.constructorainsur.com/images/proyectos/ACEWAY_10.jpg]
[www.constructorainsur.com/images/proyectos/ACEWAY_11.jpg]
[www.constructorainsur.com/images/proyectos/ACEWAY_12.jpg]
[www.constructorainsur.com/images/proyectos/ACEWAY_13.jpg]
[www.constructorainsur.com/images/proyectos/ACEWAY_14.jpg]
[www.constructorainsur.com/images/proyectos/ACEWAY_15.jpg]
[www.constructorainsur.com/images/proyectos/ACEWAY_16.jpg]
[www.constructorainsur.com/images/proyectos/ACEWAY_17.jpg]
[www.constructorainsur.com/images/proyectos/ACEWAY_18.jpg]
[www.constructorainsur.com/images/proyectos/ACEWAY_19.jpg]
[www.constructorainsur.com/images/proyectos/ACEWAY_20.jpg]
[www.constructorainsur.com/images/proyectos/ACEWAY_21.jpg]
[www.constructorainsur.com/images/proyectos/ACEWAY_22.jpg]
[www.constructorainsur.com/detalle4d5c.html]
[www.constructorainsur.com/images/ronal group.jpg]
[www.constructorainsur.com/images/proyectos/RONAL-1.jpg]
[www.constructorainsur.com/images/proyectos/RONAL-2.jpg]
[www.constructorainsur.com/images/proyectos/RONAL-3.jpg]
[www.constructorainsur.com/images/proyectos/RONAL-4.jpg]
[www.constructorainsur.com/images/proyectos/RONAL-5.jpg]
[www.constructorainsur.com/images/proyectos/RONAL-6.jpg]
[www.constructorainsur.com/images/proyectos/RONAL-7.jpg]
[www.constructorainsur.com/images/proyectos/RONAL-8.jpg]
[www.constructorainsur.com/images/proyectos/RONAL-9.jpg]
[www.constructorainsur.com/images/proyectos/RONAL-10.jpg]
[www.constructorainsur.com/images/proyectos/RONAL-11.jpg]
[www.constructorainsur.com/images/proyectos/RONAL-12.jpg]
[www.constructorainsur.com/images/proyectos/RONAL-13.jpg]
[www.constructorainsur.com/images/proyectos/RONAL-14.jpg]
[www.constructorainsur.com/images/proyectos/RONAL-15.jpg]
[www.constructorainsur.com/images/proyectos/RONAL-16.jpg]
[www.constructorainsur.com/images/proyectos/RONAL-17.jpg]
[www.constructorainsur.com/images/proyectos/RONAL-18.jpg]
[www.constructorainsur.com/images/proyectos/RONAL-19.jpg]
[www.constructorainsur.com/images/proyectos/RONAL-20.jpg]
[www.constructorainsur.com/images/proyectos/RONAL-21.jpg]
[www.constructorainsur.com/images/proyectos/RONAL-22.jpg]
[www.constructorainsur.com/images/proyectos/RONAL-23.jpg]
[www.constructorainsur.com/images/proyectos/RONAL-24.jpg]
[www.constructorainsur.com/images/proyectos/RONAL-25.jpg]
[www.constructorainsur.com/images/proyectos/RONAL-26.jpg]
[www.constructorainsur.com/images/proyectos/RONAL-27.jpg]
[www.constructorainsur.com/images/proyectos/RONAL-28.jpg]
[www.constructorainsur.com/images/proyectos/RONAL-29.jpg]
[www.constructorainsur.com/images/proyectos/RONAL-30.jpg]
[www.constructorainsur.com/images/proyectos/RONAL-31.jpg]
[www.constructorainsur.com/images/proyectos/RONAL-32.jpg]
[www.constructorainsur.com/images/proyectos/RONAL-33.jpg]
[www.constructorainsur.com/images/proyectos/RONAL-34.jpg]
[www.constructorainsur.com/images/proyectos/RONAL-35.jpg]
[www.constructorainsur.com/images/proyectos/RONAL-36.jpg]
[www.constructorainsur.com/images/proyectos/RONAL-37.jpg]
[www.constructorainsur.com/images/proyectos/RONAL-38.jpg]
[www.constructorainsur.com/images/proyectos/RONAL-39.jpg]
[www.constructorainsur.com/images/proyectos/RONAL-40.jpg]
[www.constructorainsur.com/images/proyectos/RONAL-41.jpg]
[www.constructorainsur.com/detalle6e21.html]
[www.constructorainsur.com/images/01_TRUPER.svg]
[www.constructorainsur.com/images/2-advance.svg]
[www.constructorainsur.com/images/4-irritec.svg]
[www.constructorainsur.com/images/5-narmco.svg]
[www.constructorainsur.com/images/6-ronalgroup.svg]
[www.constructorainsur.com/images/7-grapuc.svg]
[www.constructorainsur.com/images/10-mapei.svg]
[www.constructorainsur.com/images/11-kirchoff.svg]
[www.constructorainsur.com/images/12-mexicana.svg]
[www.constructorainsur.com/images/yakult.svg]
[www.constructorainsur.com/images/32-cooperstandard.svg]
[www.constructorainsur.com/images/17-facet.svg]
[www.constructorainsur.com/images/19-revlon.svg]
[www.constructorainsur.com/images/21-rubbermind.svg]
[www.constructorainsur.com/images/22-elica.svg]
[www.constructorainsur.com/images/23-stempco.svg]
[www.constructorainsur.com/images/24-moelo.svg]
[www.constructorainsur.com/images/24ppg.svg]
[www.constructorainsur.com/images/25-inter.svg]
[www.constructorainsur.com/images/26-condumex.svg]
[www.constructorainsur.com/images/27-inland.svg]
[www.constructorainsur.com/images/28-interceramic.svg]
[www.constructorainsur.com/images/29-shering.svg]
[www.constructorainsur.com/images/30-braun.svg]
[www.constructorainsur.com/images/31-carrier.svg]
[www.constructorainsur.com/images/32-playtex.svg]
[www.constructorainsur.com/images/32-alcan.svg]
[www.constructorainsur.com/images/11clevete.svg]
[www.constructorainsur.com/images/qpomps.svg]
[www.constructorainsur.com/images/itpacero.svg]
[www.constructorainsur.com/images/lucta.svg]
[www.constructorainsur.com/images/brog.svg]
[www.constructorainsur.com/images/fanasa.svg]
[www.constructorainsur.com/images/wabtec.svg]
[www.constructorainsur.com/images/vidrio.svg]
[i.imgur.com/R60qKwS.jpg]
[www.constructorainsur.com/css/flickity.css]
[www.constructorainsur.com/css/grabbing.html]
[www.constructorainsur.com/images/AjaxLoader.html]
[www.constructorainsur.com/ing/conocenos.html]
[www.constructorainsur.com/ing/servicios.html]
[www.constructorainsur.com/ing/proyectos.html]
[www.constructorainsur.com/proyectosdb55.html]
[www.constructorainsur.com/detalle8660.html]
[www.constructorainsur.com/detalle0a86.html]
[www.constructorainsur.com/detallec691.html]
[www.constructorainsur.com/detalle7d74.html]
[www.constructorainsur.com/detallead3a.html]
[www.constructorainsur.com/detalle1534.html]
[www.constructorainsur.com/detallef5ec.html]
[www.constructorainsur.com/detalleafde.html]
[www.constructorainsur.com/detalle0812.html]
[www.constructorainsur.com/detalle8907.html]
[www.constructorainsur.com/detallec374.html]
[www.constructorainsur.com/detallee4bb.html]
[www.constructorainsur.com/detallea242.html]
[www.constructorainsur.com/detalle9d93.html]
[www.constructorainsur.com/detalle2cf5.html]
[www.constructorainsur.com/detalle07fe.html]
[www.constructorainsur.com/detallef21b.html]
[www.constructorainsur.com/detallea27a.html]
[www.constructorainsur.com/detallea71a.html]
[www.constructorainsur.com/detallebcc4.html]
[www.constructorainsur.com/detalle3ae2.html]
[www.constructorainsur.com/detallec73b.html]
[www.constructorainsur.com/ing/clientes.html]
[www.constructorainsur.com/ing/contacto.html]
[www.constructorainsur.com/css/estilos.css]
[www.constructorainsur.com/js/jquery-latest.html]
[www.constructorainsur.com/lib/jquery-1.10.1.min.html]
[www.constructorainsur.com/source/jquery.fancybox8cbb.css]
[www.constructorainsur.com/source/helpers/jquery.fancybox-buttons3447.css]
[www.constructorainsur.com/source/helpers/jquery.fancybox-thumbsf2ad.css]
[www.constructorainsur.com/ing/1_b.html]
[www.constructorainsur.com/ing/index-2.html]
[www.constructorainsur.com/index-2.html]
[www.constructorainsur.com/ing/images/face.html]
[www.constructorainsur.com/ing/images/idioma.html]
[www.constructorainsur.com/ing/login_cv.html]
[www.constructorainsur.com/1_b.html]
[www.constructorainsur.com/login456b.html]
[www.constructorainsur.com/images/proyectos/4 (87.html]
[www.constructorainsur.com/images/proyectos/4 (90.html]
[www.constructorainsur.com/images/proyectos/4 (91.html]
[www.constructorainsur.com/images/proyectos/4 (95.html]
[www.constructorainsur.com/images/proyectos/4 (103.html]
[www.constructorainsur.com/images/proyectos/4 (105.html]
[www.constructorainsur.com/images/proyectos/IMG_4095.JPG]
[www.constructorainsur.com/images/proyectos/ACEWAY_4.jpg]
